 M docs/assets/screenshots/jump_phase1.png
 M scripts/game/game.gd
 M scripts/jump/jump_config.gd
 M scripts/jump/jumper.gd
 M scripts/jump/platform.gd
 M scripts/jump/platform_director.gd
 M scripts/jump/vertical_camera.gd
?? assets/jump/approved/plush-character/
?? assets/jump/approved/reactor-core/
?? assets/jump/drafts/plush-character-idle-v1/
?? assets/jump/drafts/plush-character-idle-v2/
?? assets/jump/drafts/plush-character-jump-ai-v1/
?? assets/jump/drafts/plush-character-jump-anim-v1/
?? assets/jump/drafts/plush-character-jump-v1/
?? assets/jump/drafts/plush-character-jump-v2/
?? assets/jump/drafts/plush-character-jump-v3/
?? assets/jump/drafts/plush-character-jump-v4/
?? assets/jump/drafts/plush-character-jump-v5/
?? assets/jump/drafts/plush-character-jump-v6/
?? assets/jump/drafts/plush-character-jump-v7/
?? assets/jump/drafts/plush-character-jump-v8/
?? assets/jump/drafts/plush-character-jump-v9/
?? assets/jump/drafts/plush-character-standing-v1/
?? assets/jump/drafts/reactor-core-base-v1/
?? assets/jump/drafts/reactor-core-idle-v1/
?? assets/jump/drafts/reactor-core-idle-v2/
?? assets/jump/drafts/reactor-core-jump-v1/
?? assets/jump/drafts/reactor-core-land-v1/
?? assets/jump/drafts/reactor-core-personality-v2/
?? assets/jump/drafts/start-button-v1/
?? assets/jump/drafts/start-menu-bg-v1/
?? docs/assets/screenshots/core_polish/
?? docs/assets/screenshots/core_polish_fix/
?? docs/assets/screenshots/core_polish_sequence/
?? docs/assets/screenshots/kernwerk_splash_preview.png.import
?? docs/assets/screenshots/reactor_integrated_34.png
?? docs/assets/screenshots/reactor_integrated_34.png.import
?? docs/assets/screenshots/reactor_integrated_79.png
?? docs/assets/screenshots/reactor_integrated_79.png.import
?? docs/assets/screenshots/reactor_live_390.png
?? docs/assets/screenshots/reactor_live_390.png.import
?? docs/assets/screenshots/reactor_live_browser_verification.json
?? docs/assets/screenshots/reactor_web_browser_verification.json
?? docs/assets/screenshots/reactor_web_export_390.png
?? docs/assets/screenshots/reactor_web_export_390.png.import
?? docs/assets/screenshots/standby_polish/after_v1_1280x720.png.import
?? docs/assets/screenshots/standby_polish/after_v1_1280x720_window.png.import
?? docs/assets/screenshots/standby_polish/after_v1_320x568.png.import
?? docs/assets/screenshots/standby_polish/after_v1_320x568_window.png.import
?? docs/assets/screenshots/standby_polish/after_v1_390_playing.png.import
?? docs/assets/screenshots/standby_polish/after_v1_390_playing_window.png.import
?? docs/assets/screenshots/standby_polish/after_v1_390_tap.png.import
?? docs/assets/screenshots/standby_polish/after_v1_390_tap_window.png.import
?? docs/assets/screenshots/standby_polish/after_v1_390_transition040.png.import
?? docs/assets/screenshots/standby_polish/after_v1_390_transition040_window.png.import
?? docs/assets/screenshots/standby_polish/after_v1_390x844.png.import
?? docs/assets/screenshots/standby_polish/after_v1_390x844_window.png.import
?? docs/assets/screenshots/standby_polish/after_v1_430x932.png.import
?? docs/assets/screenshots/standby_polish/after_v1_430x932_window.png.import
?? docs/assets/screenshots/standby_polish/after_v1_844x390.png.import
?? docs/assets/screenshots/standby_polish/after_v1_844x390_window.png.import
?? docs/assets/screenshots/standby_polish/after_v2_1280x720.png.import
?? docs/assets/screenshots/standby_polish/after_v2_1280x720_window.png.import
?? docs/assets/screenshots/standby_polish/after_v2_320x568.png.import
?? docs/assets/screenshots/standby_polish/after_v2_320x568_window.png.import
?? docs/assets/screenshots/standby_polish/after_v2_390_playing.png.import
?? docs/assets/screenshots/standby_polish/after_v2_390_playing_window.png.import
?? docs/assets/screenshots/standby_polish/after_v2_390_tap.png.import
?? docs/assets/screenshots/standby_polish/after_v2_390_tap_window.png.import
?? docs/assets/screenshots/standby_polish/after_v2_390_transition040.png.import
?? docs/assets/screenshots/standby_polish/after_v2_390_transition040_window.png.import
?? docs/assets/screenshots/standby_polish/after_v2_390x844.png.import
?? docs/assets/screenshots/standby_polish/after_v2_390x844_window.png.import
?? docs/assets/screenshots/standby_polish/after_v2_430x932.png.import
?? docs/assets/screenshots/standby_polish/after_v2_430x932_window.png.import
?? docs/assets/screenshots/standby_polish/after_v2_844x390.png.import
?? docs/assets/screenshots/standby_polish/after_v2_844x390_window.png.import
?? docs/assets/screenshots/standby_polish/after_v3_1280x720.png.import
?? docs/assets/screenshots/standby_polish/after_v3_1280x720_window.png.import
?? docs/assets/screenshots/standby_polish/after_v3_320x568.png.import
?? docs/assets/screenshots/standby_polish/after_v3_320x568_window.png.import
?? docs/assets/screenshots/standby_polish/after_v3_390_playing.png.import
?? docs/assets/screenshots/standby_polish/after_v3_390_playing_window.png.import
?? docs/assets/screenshots/standby_polish/after_v3_390_tap.png.import
?? docs/assets/screenshots/standby_polish/after_v3_390_tap_window.png.import
?? docs/assets/screenshots/standby_polish/after_v3_390_transition040.png.import
?? docs/assets/screenshots/standby_polish/after_v3_390_transition040_window.png.import
?? docs/assets/screenshots/standby_polish/after_v3_390x844.png.import
?? docs/assets/screenshots/standby_polish/after_v3_390x844_window.png.import
?? docs/assets/screenshots/standby_polish/after_v3_430x932.png.import
?? docs/assets/screenshots/standby_polish/after_v3_430x932_window.png.import
?? docs/assets/screenshots/standby_polish/after_v3_844x390.png.import
?? docs/assets/screenshots/standby_polish/after_v3_844x390_window.png.import
?? docs/assets/screenshots/standby_polish/after_verified_1280x720.png.import
?? docs/assets/screenshots/standby_polish/after_verified_1280x720_window.png.import
?? docs/assets/screenshots/standby_polish/after_verified_320x568.png.import
?? docs/assets/screenshots/standby_polish/after_verified_320x568_window.png.import
?? docs/assets/screenshots/standby_polish/after_verified_390_playing.png.import
?? docs/assets/screenshots/standby_polish/after_verified_390_playing_window.png.import
?? docs/assets/screenshots/standby_polish/after_verified_390_tap.png.import
?? docs/assets/screenshots/standby_polish/after_verified_390_tap_window.png.import
?? docs/assets/screenshots/standby_polish/after_verified_390_transition040.png.import
?? docs/assets/screenshots/standby_polish/after_verified_390_transition040_window.png.import
?? docs/assets/screenshots/standby_polish/after_verified_390x844.png.import
?? docs/assets/screenshots/standby_polish/after_verified_390x844_window.png.import
?? docs/assets/screenshots/standby_polish/after_verified_430x932.png.import
?? docs/assets/screenshots/standby_polish/after_verified_430x932_window.png.import
?? docs/assets/screenshots/standby_polish/after_verified_844x390.png.import
?? docs/assets/screenshots/standby_polish/after_verified_844x390_window.png.import
?? docs/assets/screenshots/standby_polish/before_1280x720.png.import
?? docs/assets/screenshots/standby_polish/before_320x568.png.import
?? docs/assets/screenshots/standby_polish/before_390_playing.png.import
?? docs/assets/screenshots/standby_polish/before_390_tap.png.import
?? docs/assets/screenshots/standby_polish/before_390_transition040.png.import
?? docs/assets/screenshots/standby_polish/before_390x844.png.import
?? docs/assets/screenshots/standby_polish/before_430x932.png.import
?? docs/assets/screenshots/standby_polish/before_844x390.png.import
?? docs/assets/screenshots/start_button_preview.png
?? docs/assets/screenshots/start_button_preview.png.import
?? docs/assets/screenshots/start_menu.png.import
?? docs/assets/screenshots/start_menu_bg_preview.png
?? docs/assets/screenshots/start_menu_bg_preview.png.import
?? docs/assets/screenshots/start_menu_v2_idle.png
?? docs/assets/screenshots/start_menu_v2_idle.png.import
?? docs/assets/screenshots/start_menu_v2_playing.png
?? docs/assets/screenshots/start_menu_v2_playing.png.import
?? docs/assets/screenshots/start_menu_v2_transition.png
?? docs/assets/screenshots/start_menu_v2_transition.png.import
?? docs/core_gameplay_polish.md
?? qa/core_polish_fix_review.py
?? qa/core_polish_screenshot.gd
?? qa/core_polish_screenshot.gd.uid
?? qa/core_polish_sequence.gd
?? qa/core_polish_sequence.gd.uid
?? qa/core_polish_sequence_review.py
?? qa/start_menu_responsive_screenshot.gd
?? qa/start_menu_responsive_screenshot.gd.uid
?? qa/start_menu_screenshot.gd.uid
?? qa/start_transition_screenshot.gd
?? qa/start_transition_screenshot.gd.uid
?? tests/core_polish_test.gd
?? tests/core_polish_test.gd.uid
?? tools/draw_reactor_core_idle.py
