
=== Local engine version (compare with CI) ===
4.6.2.stable.official.71f334935


=== Project import ===
Godot Engine v4.6.2.stable.official.71f334935 - https://godotengine.org

[   0% ] [90m[1mfirst_scan_filesystem[22m | Started Project initialization (5 steps)[39m[0m
[   0% ] [90m[1mfirst_scan_filesystem[22m | Scanning file structure...[39m[0m
[  16% ] [90m[1mfirst_scan_filesystem[22m | Loading global class names...[39m[0m
[  33% ] [90m[1mfirst_scan_filesystem[22m | Verifying GDExtensions...[39m[0m
[  50% ] [90m[1mfirst_scan_filesystem[22m | Creating autoload scripts...[39m[0m
[  66% ] [90m[1mfirst_scan_filesystem[22m | Initializing plugins...[39m[0m
[  83% ] [90m[1mfirst_scan_filesystem[22m | Starting file scan...[39m[0m
[92m[ DONE ][39m [1mfirst_scan_filesystem[22m
[0m
[   0% ] [90m[1mloading_editor_layout[22m | Started Loading editor (5 steps)[39m[0m
[   0% ] [90m[1mloading_editor_layout[22m | Loading editor layout...[39m[0m
[  16% ] [90m[1mloading_editor_layout[22m | Loading docks...[39m[0m
[92m[ DONE ][39m [1mloading_editor_layout[22m
[0m


=== tests/core_polish_test.gd ===
Godot Engine v4.6.2.stable.official.71f334935 - https://godotengine.org

CONTACT physics=30 offset=0.0 bounce=1 land=1 quality=2
CONTACT physics=30 offset=36.0 bounce=1 land=1 quality=1
CONTACT physics=30 offset=90.0 bounce=1 land=1 quality=0
CONTACT physics=60 offset=0.0 bounce=1 land=1 quality=2
CONTACT physics=60 offset=36.0 bounce=1 land=1 quality=1
CONTACT physics=60 offset=90.0 bounce=1 land=1 quality=0
CONTACT physics=120 offset=0.0 bounce=1 land=1 quality=2
CONTACT physics=120 offset=36.0 bounce=1 land=1 quality=1
CONTACT physics=120 offset=90.0 bounce=1 land=1 quality=0
CORE POLISH: 115 checks, 0 failures


=== tests/gameplay_loop_test.gd ===
Godot Engine v4.6.2.stable.official.71f334935 - https://godotengine.org

  ✓ a new run starts at score zero
  ✓ score increases by one point per ten pixels of height
  ✓ difficulty stays at zero before the first score step
  ✓ score reaches 100 at 1000 pixels of height
  ✓ difficulty rises after one difficulty score step
  ✓ falling below the camera margin triggers game over
  ✓ game over starts the configured restart timer
  ✓ restart clears game over
  ✓ restart resets score and difficulty
  ✓ restart restores the jumper start position
  ✓ restart restores the camera start position
  ✓ restart restores the initial platform route
  ✓ difficulty zero keeps the base vertical gap
  ✓ difficulty adds the configured vertical bonus
  ✓ difficulty expands the horizontal transition limit
  ✓ difficulty is capped at the configured maximum
GAMEPLAY LOOP: ALLE OK


=== tests/jump_physics_test.gd ===
Godot Engine v4.6.2.stable.official.71f334935 - https://godotengine.org

  ✓ gravity accelerates a resting jumper downward
  ✓ descending platform contact bounces
  ✓ descending bounce launches upward
  ✓ a bounce cannot repeat while rising
  ✓ descending CharacterBody2D collision produces one bounce
  ✓ rising platform contact never bounces
  ✓ base bounce reaches at least 540px
  ✓ horizontal steering is speed-capped
  ✓ left target produces capped leftward motion
  ✓ right target produces capped rightward motion
  ✓ horizontal target impulse uses the 1100px/s cap
  ✓ short right target step reaches at least 800px/s
  ✓ short left target step reaches at least 800px/s
  ✓ releasing input stops 1000px/s within 0.1 seconds
  ✓ platform route has exactly seven elements
  ✓ adjacent platforms are 300px apart vertically
  ✓ adjacent platforms are 300px apart vertically
  ✓ adjacent platforms are 300px apart vertically
  ✓ adjacent platforms are 300px apart vertically
  ✓ adjacent platforms are 300px apart vertically
  ✓ adjacent platforms are 300px apart vertically
  ✓ target at jumper position damps horizontal velocity to zero
  ✓ rising CharacterBody2D passes through platform underside
  ✓ overload bounce is higher than base bounce
  ✓ overload bounce respects the future cap
JUMP PHYSICS: ALLE OK


=== tests/platform_director_test.gd ===
Godot Engine v4.6.2.stable.official.71f334935 - https://godotengine.org

  ✓ initialization creates every supplied starting ledge
  ✓ initialization uses real JumpPlatform nodes
  ✓ generated nodes retain one-way collisions
  ✓ maintenance generates ledges above the existing highest ledge
  ✓ generated ledges extend above the starting route
  ✓ unchanged camera bounds do not duplicate ledges
  ✓ generated ledges preserve safe vertical and horizontal transitions
  ✓ equal seeds and routes generate identical ordered positions
  ✓ step 0 keeps a platform in the lookahead region
  ✓ step 0 stays within the active-platform ceiling
  ✓ step 1 keeps a platform in the lookahead region
  ✓ step 1 stays within the active-platform ceiling
  ✓ step 2 keeps a platform in the lookahead region
  ✓ step 2 stays within the active-platform ceiling
  ✓ step 3 keeps a platform in the lookahead region
  ✓ step 3 stays within the active-platform ceiling
  ✓ step 4 keeps a platform in the lookahead region
  ✓ step 4 stays within the active-platform ceiling
  ✓ step 5 keeps a platform in the lookahead region
  ✓ step 5 stays within the active-platform ceiling
  ✓ step 6 keeps a platform in the lookahead region
  ✓ step 6 stays within the active-platform ceiling
  ✓ step 7 keeps a platform in the lookahead region
  ✓ step 7 stays within the active-platform ceiling
  ✓ step 8 keeps a platform in the lookahead region
  ✓ step 8 stays within the active-platform ceiling
  ✓ step 9 keeps a platform in the lookahead region
  ✓ step 9 stays within the active-platform ceiling
  ✓ step 10 keeps a platform in the lookahead region
  ✓ step 10 stays within the active-platform ceiling
  ✓ step 11 keeps a platform in the lookahead region
  ✓ step 11 stays within the active-platform ceiling
  ✓ step 12 keeps a platform in the lookahead region
  ✓ step 12 stays within the active-platform ceiling
  ✓ step 13 keeps a platform in the lookahead region
  ✓ step 13 stays within the active-platform ceiling
  ✓ step 14 keeps a platform in the lookahead region
  ✓ step 14 stays within the active-platform ceiling
  ✓ step 15 keeps a platform in the lookahead region
  ✓ step 15 stays within the active-platform ceiling
  ✓ step 16 keeps a platform in the lookahead region
  ✓ step 16 stays within the active-platform ceiling
  ✓ step 17 keeps a platform in the lookahead region
  ✓ step 17 stays within the active-platform ceiling
  ✓ step 18 keeps a platform in the lookahead region
  ✓ step 18 stays within the active-platform ceiling
  ✓ step 19 keeps a platform in the lookahead region
  ✓ step 19 stays within the active-platform ceiling
  ✓ step 20 keeps a platform in the lookahead region
  ✓ step 20 stays within the active-platform ceiling
  ✓ step 21 keeps a platform in the lookahead region
  ✓ step 21 stays within the active-platform ceiling
  ✓ step 22 keeps a platform in the lookahead region
  ✓ step 22 stays within the active-platform ceiling
  ✓ step 23 keeps a platform in the lookahead region
  ✓ step 23 stays within the active-platform ceiling
  ✓ step 24 keeps a platform in the lookahead region
  ✓ step 24 stays within the active-platform ceiling
  ✓ step 25 keeps a platform in the lookahead region
  ✓ step 25 stays within the active-platform ceiling
  ✓ step 26 keeps a platform in the lookahead region
  ✓ step 26 stays within the active-platform ceiling
  ✓ step 27 keeps a platform in the lookahead region
  ✓ step 27 stays within the active-platform ceiling
  ✓ step 28 keeps a platform in the lookahead region
  ✓ step 28 stays within the active-platform ceiling
  ✓ step 29 keeps a platform in the lookahead region
  ✓ step 29 stays within the active-platform ceiling
  ✓ step 30 keeps a platform in the lookahead region
  ✓ step 30 stays within the active-platform ceiling
  ✓ step 31 keeps a platform in the lookahead region
  ✓ step 31 stays within the active-platform ceiling
  ✓ step 32 keeps a platform in the lookahead region
  ✓ step 32 stays within the active-platform ceiling
  ✓ step 33 keeps a platform in the lookahead region
  ✓ step 33 stays within the active-platform ceiling
  ✓ step 34 keeps a platform in the lookahead region
  ✓ step 34 stays within the active-platform ceiling
  ✓ step 35 keeps a platform in the lookahead region
  ✓ step 35 stays within the active-platform ceiling
  ✓ step 36 keeps a platform in the lookahead region
  ✓ step 36 stays within the active-platform ceiling
  ✓ step 37 keeps a platform in the lookahead region
  ✓ step 37 stays within the active-platform ceiling
  ✓ step 38 keeps a platform in the lookahead region
  ✓ step 38 stays within the active-platform ceiling
  ✓ step 39 keeps a platform in the lookahead region
  ✓ step 39 stays within the active-platform ceiling
  ✓ step 40 keeps a platform in the lookahead region
  ✓ step 40 stays within the active-platform ceiling
  ✓ step 41 keeps a platform in the lookahead region
  ✓ step 41 stays within the active-platform ceiling
  ✓ step 42 keeps a platform in the lookahead region
  ✓ step 42 stays within the active-platform ceiling
  ✓ step 43 keeps a platform in the lookahead region
  ✓ step 43 stays within the active-platform ceiling
  ✓ step 44 keeps a platform in the lookahead region
  ✓ step 44 stays within the active-platform ceiling
  ✓ step 45 keeps a platform in the lookahead region
  ✓ step 45 stays within the active-platform ceiling
  ✓ step 46 keeps a platform in the lookahead region
  ✓ step 46 stays within the active-platform ceiling
  ✓ step 47 keeps a platform in the lookahead region
  ✓ step 47 stays within the active-platform ceiling
  ✓ step 48 keeps a platform in the lookahead region
  ✓ step 48 stays within the active-platform ceiling
  ✓ step 49 keeps a platform in the lookahead region
  ✓ step 49 stays within the active-platform ceiling
  ✓ step 50 keeps a platform in the lookahead region
  ✓ step 50 stays within the active-platform ceiling
  ✓ step 51 keeps a platform in the lookahead region
  ✓ step 51 stays within the active-platform ceiling
  ✓ step 52 keeps a platform in the lookahead region
  ✓ step 52 stays within the active-platform ceiling
  ✓ step 53 keeps a platform in the lookahead region
  ✓ step 53 stays within the active-platform ceiling
  ✓ step 54 keeps a platform in the lookahead region
  ✓ step 54 stays within the active-platform ceiling
  ✓ step 55 keeps a platform in the lookahead region
  ✓ step 55 stays within the active-platform ceiling
  ✓ step 56 keeps a platform in the lookahead region
  ✓ step 56 stays within the active-platform ceiling
  ✓ step 57 keeps a platform in the lookahead region
  ✓ step 57 stays within the active-platform ceiling
  ✓ step 58 keeps a platform in the lookahead region
  ✓ step 58 stays within the active-platform ceiling
  ✓ step 59 keeps a platform in the lookahead region
  ✓ step 59 stays within the active-platform ceiling
  ✓ step 60 keeps a platform in the lookahead region
  ✓ step 60 stays within the active-platform ceiling
  ✓ step 61 keeps a platform in the lookahead region
  ✓ step 61 stays within the active-platform ceiling
  ✓ step 62 keeps a platform in the lookahead region
  ✓ step 62 stays within the active-platform ceiling
  ✓ step 63 keeps a platform in the lookahead region
  ✓ step 63 stays within the active-platform ceiling
  ✓ step 64 keeps a platform in the lookahead region
  ✓ step 64 stays within the active-platform ceiling
  ✓ step 65 keeps a platform in the lookahead region
  ✓ step 65 stays within the active-platform ceiling
  ✓ step 66 keeps a platform in the lookahead region
  ✓ step 66 stays within the active-platform ceiling
  ✓ step 67 keeps a platform in the lookahead region
  ✓ step 67 stays within the active-platform ceiling
  ✓ step 68 keeps a platform in the lookahead region
  ✓ step 68 stays within the active-platform ceiling
  ✓ step 69 keeps a platform in the lookahead region
  ✓ step 69 stays within the active-platform ceiling
  ✓ step 70 keeps a platform in the lookahead region
  ✓ step 70 stays within the active-platform ceiling
  ✓ step 71 keeps a platform in the lookahead region
  ✓ step 71 stays within the active-platform ceiling
  ✓ step 72 keeps a platform in the lookahead region
  ✓ step 72 stays within the active-platform ceiling
  ✓ step 73 keeps a platform in the lookahead region
  ✓ step 73 stays within the active-platform ceiling
  ✓ step 74 keeps a platform in the lookahead region
  ✓ step 74 stays within the active-platform ceiling
  ✓ step 75 keeps a platform in the lookahead region
  ✓ step 75 stays within the active-platform ceiling
  ✓ step 76 keeps a platform in the lookahead region
  ✓ step 76 stays within the active-platform ceiling
  ✓ step 77 keeps a platform in the lookahead region
  ✓ step 77 stays within the active-platform ceiling
  ✓ step 78 keeps a platform in the lookahead region
  ✓ step 78 stays within the active-platform ceiling
  ✓ step 79 keeps a platform in the lookahead region
  ✓ step 79 stays within the active-platform ceiling
PLATFORM DIRECTOR: ALLE OK


=== tests/reactor_bounce_anim_test.gd ===
Godot Engine v4.6.2.stable.official.71f334935 - https://godotengine.org

  ✓ jump animation exists
  ✓ jump animation has 6 frames
  ✓ jump animation does not loop
  ✓ jump frame 0 texture is non-null and non-empty
  ✓ jump frame 0 has the exact 96x96 sheet region
  ✓ jump frame 1 texture is non-null and non-empty
  ✓ jump frame 1 has the exact 96x96 sheet region
  ✓ jump frame 2 texture is non-null and non-empty
  ✓ jump frame 2 has the exact 96x96 sheet region
  ✓ jump frame 3 texture is non-null and non-empty
  ✓ jump frame 3 has the exact 96x96 sheet region
  ✓ jump frame 4 texture is non-null and non-empty
  ✓ jump frame 4 has the exact 96x96 sheet region
  ✓ jump frame 5 texture is non-null and non-empty
  ✓ jump frame 5 has the exact 96x96 sheet region
  ✓ land animation exists
  ✓ land animation has 6 frames
  ✓ land animation does not loop
  ✓ land frame 0 texture is non-null and non-empty
  ✓ land frame 0 has the exact 96x96 sheet region
  ✓ land frame 1 texture is non-null and non-empty
  ✓ land frame 1 has the exact 96x96 sheet region
  ✓ land frame 2 texture is non-null and non-empty
  ✓ land frame 2 has the exact 96x96 sheet region
  ✓ land frame 3 texture is non-null and non-empty
  ✓ land frame 3 has the exact 96x96 sheet region
  ✓ land frame 4 texture is non-null and non-empty
  ✓ land frame 4 has the exact 96x96 sheet region
  ✓ land frame 5 texture is non-null and non-empty
  ✓ land frame 5 has the exact 96x96 sheet region
  ✓ starts on idle animation
  ✓ bounce immediately plays land animation
  ✓ land is followed by jump animation
  ✓ jump returns to idle animation
REACTOR BOUNCE ANIM: ALLE OK


=== tests/reactor_visual_test.gd ===
Godot Engine v4.6.2.stable.official.71f334935 - https://godotengine.org

  ✓ Jumper has a ReactorVisual AnimatedSprite2D child
  ✓ ReactorVisual has SpriteFrames
  ✓ idle animation exists
  ✓ idle animation has 10 frames
  ✓ idle animation loops
  ✓ frame 0 texture is non-null and non-empty
  ✓ frame 0 has the exact 96x96 sheet region
  ✓ frame 0 has its approved duration
  ✓ frame 1 texture is non-null and non-empty
  ✓ frame 1 has the exact 96x96 sheet region
  ✓ frame 1 has its approved duration
  ✓ frame 2 texture is non-null and non-empty
  ✓ frame 2 has the exact 96x96 sheet region
  ✓ frame 2 has its approved duration
  ✓ frame 3 texture is non-null and non-empty
  ✓ frame 3 has the exact 96x96 sheet region
  ✓ frame 3 has its approved duration
  ✓ frame 4 texture is non-null and non-empty
  ✓ frame 4 has the exact 96x96 sheet region
  ✓ frame 4 has its approved duration
  ✓ frame 5 texture is non-null and non-empty
  ✓ frame 5 has the exact 96x96 sheet region
  ✓ frame 5 has its approved duration
  ✓ frame 6 texture is non-null and non-empty
  ✓ frame 6 has the exact 96x96 sheet region
  ✓ frame 6 has its approved duration
  ✓ frame 7 texture is non-null and non-empty
  ✓ frame 7 has the exact 96x96 sheet region
  ✓ frame 7 has its approved duration
  ✓ frame 8 texture is non-null and non-empty
  ✓ frame 8 has the exact 96x96 sheet region
  ✓ frame 8 has its approved duration
  ✓ frame 9 texture is non-null and non-empty
  ✓ frame 9 has the exact 96x96 sheet region
  ✓ frame 9 has its approved duration
  ✓ idle loop totals 2.42 seconds
  ✓ idle animation is playing
  ✓ ReactorVisual uses nearest pixel filtering
  ✓ ReactorVisual uses the approved 1.5 scale
  ✓ Jumper keeps its centered 58x58 collision shape
  ✓ Jumper keeps its collision layer and mask
  ✓ reactor foot exactly aligns to the collider bottom
  ✓ ReactorVisual follows Jumper movement
  ✓ animation advancement waits for bounded process time
  ✓ animation advances while Jumper physics is frozen
REACTOR VISUAL: ALLE OK


=== tests/standby_polish_test.gd ===
Godot Engine v4.6.2.stable.official.71f334935 - https://godotengine.org

RESPONSIVE (320, 568) viewport=(1080.0, 1920.0) scale=0.29537037014961 CTA=(171.3148, 44.00002)
RESPONSIVE (390, 844) viewport=(1080.0, 2337.0) scale=0.36111110448837 CTA=(209.4444, 44.00001)
RESPONSIVE (430, 932) viewport=(1080.0, 2340.0) scale=0.39814814925194 CTA=(230.9259, 44.59259)
RESPONSIVE (1280, 720) viewport=(1080.0, 1920.0) scale=0.375 CTA=(217.5, 44.00002)
RESPONSIVE (844, 390) viewport=(1080.0, 1920.0) scale=0.20277777314186 CTA=(117.6111, 44.0)
STANDBY POLISH: 90 checks, 0 failures


=== tests/start_transition_test.gd ===
Godot Engine v4.6.2.stable.official.71f334935 - https://godotengine.org

timeline 30 FPS mouse: handoff 0.9333s, bounces 1, exit alpha 0.0
timeline 30 FPS touch: handoff 0.9333s, bounces 1, exit alpha 0.0
timeline 60 FPS mouse: handoff 0.9333s, bounces 1, exit alpha 0.0
timeline 60 FPS touch: handoff 0.9333s, bounces 1, exit alpha 0.0
timeline 120 FPS mouse: handoff 0.9250s, bounces 1, exit alpha 0.0
timeline 120 FPS touch: handoff 0.9250s, bounces 1, exit alpha 0.0
START TRANSITION: 2184 checks, 0 failures


=== Main-scene smoke ===
Godot Engine v4.6.2.stable.official.71f334935 - https://godotengine.org



=== Web release export ===
Godot Engine v4.6.2.stable.official.71f334935 - https://godotengine.org

[   0% ] [90m[1mfirst_scan_filesystem[22m | Started Project initialization (5 steps)[39m[0m
[   0% ] [90m[1mfirst_scan_filesystem[22m | Scanning file structure...[39m[0m
[  16% ] [90m[1mfirst_scan_filesystem[22m | Loading global class names...[39m[0m
[  33% ] [90m[1mfirst_scan_filesystem[22m | Verifying GDExtensions...[39m[0m
[  50% ] [90m[1mfirst_scan_filesystem[22m | Creating autoload scripts...[39m[0m
[  66% ] [90m[1mfirst_scan_filesystem[22m | Initializing plugins...[39m[0m
[  83% ] [90m[1mfirst_scan_filesystem[22m | Starting file scan...[39m[0m
[92m[ DONE ][39m [1mfirst_scan_filesystem[22m
[0m
[   0% ] [90m[1msavepack[22m | Started Packing (102 steps)[39m[0m
[   1% ] [90m[1msavepack[22m | Storing File: res://.godot/imported/Rajdhani-Bold.ttf-ea69f988f763daf406e34905eff3a731.fontdata[39m[0m
[   1% ] [90m[1msavepack[22m | Storing File: res://assets/fonts/Rajdhani-Bold.ttf.import[39m[0m
[   1% ] [90m[1msavepack[22m | Storing File: res://.godot/imported/Rajdhani-Regular.ttf-5fcd79b70fa9294d379f147c1febd9cc.fontdata[39m[0m
[   1% ] [90m[1msavepack[22m | Storing File: res://assets/fonts/Rajdhani-Regular.ttf.import[39m[0m
[   2% ] [90m[1msavepack[22m | Storing File: res://.godot/imported/idle_sheet.png-06dd7decd0a07a7dd27a7078edd606d8.ctex[39m[0m
[   2% ] [90m[1msavepack[22m | Storing File: res://assets/jump/reactor_core/idle_sheet.png.import[39m[0m
[   2% ] [90m[1msavepack[22m | Storing File: res://.godot/imported/jump_sheet.png-5bf8e27d542cef27fb62f3ff6062f7ce.ctex[39m[0m
[   2% ] [90m[1msavepack[22m | Storing File: res://assets/jump/reactor_core/jump_sheet.png.import[39m[0m
[   3% ] [90m[1msavepack[22m | Storing File: res://.godot/imported/land_sheet.png-4fb444f152677dc20bb1df93abae99ee.ctex[39m[0m
[   3% ] [90m[1msavepack[22m | Storing File: res://assets/jump/reactor_core/land_sheet.png.import[39m[0m
[   4% ] [90m[1msavepack[22m | Storing File: res://.godot/exported/133200997/export-8781a28eb9f7df7a203cffb346673341-reactor_idle_frames.res[39m[0m
[   4% ] [90m[1msavepack[22m | Storing File: res://.godot/exported/133200997/export-23046239f2a2b88a901afc72343d8a4b-reactor_jump_frames.res[39m[0m
[   5% ] [90m[1msavepack[22m | Storing File: res://.godot/exported/133200997/export-c89ba21a472062018ffc147c1877fac1-reactor_land_frames.res[39m[0m
[   6% ] [90m[1msavepack[22m | Storing File: res://.godot/imported/start_button.png-e8df4efd2f8606b421d4ae874ed1f10c.ctex[39m[0m
[   6% ] [90m[1msavepack[22m | Storing File: res://assets/jump/reactor_core/start_button.png.import[39m[0m
[   6% ] [90m[1msavepack[22m | Storing File: res://.godot/imported/start_menu_bg.png-8b7cd9533c56fa6c839337f1de852ceb.ctex[39m[0m
[   6% ] [90m[1msavepack[22m | Storing File: res://assets/jump/reactor_core/start_menu_bg.png.import[39m[0m
[   7% ] [90m[1msavepack[22m | Storing File: res://.godot/imported/boss_pulse.ogg-0e2a46e3be861208fb405e19f791dc5f.oggvorbisstr[39m[0m
[   7% ] [90m[1msavepack[22m | Storing File: res://assets/sounds/boss_pulse.ogg.import[39m[0m
[   8% ] [90m[1msavepack[22m | Storing File: res://.godot/imported/enemy_hit.ogg-637c6bce00d30e8ab82d326f918f57be.oggvorbisstr[39m[0m
[   8% ] [90m[1msavepack[22m | Storing File: res://assets/sounds/enemy_hit.ogg.import[39m[0m
[   8% ] [90m[1msavepack[22m | Storing File: res://.godot/imported/kill.ogg-907b8be306ad1b193c5bab520c914ccd.oggvorbisstr[39m[0m
[   8% ] [90m[1msavepack[22m | Storing File: res://assets/sounds/kill.ogg.import[39m[0m
[   9% ] [90m[1msavepack[22m | Storing File: res://.godot/imported/level_complete.ogg-7f997a2d0293e42a153079b48ae9c6f1.oggvorbisstr[39m[0m
[   9% ] [90m[1msavepack[22m | Storing File: res://assets/sounds/level_complete.ogg.import[39m[0m
[   9% ] [90m[1msavepack[22m | Storing File: res://.godot/imported/player_hit.ogg-a3c4b6dc6f20b10b3ee901a6bb64ba93.oggvorbisstr[39m[0m
[   9% ] [90m[1msavepack[22m | Storing File: res://assets/sounds/player_hit.ogg.import[39m[0m
[  10% ] [90m[1msavepack[22m | Storing File: res://.godot/imported/shoot.ogg-0cfea5cf82907ca1a24632f88dfdc8bf.oggvorbisstr[39m[0m
[  10% ] [90m[1msavepack[22m | Storing File: res://assets/sounds/shoot.ogg.import[39m[0m
[  11% ] [90m[1msavepack[22m | Storing File: res://.godot/imported/upgrade.ogg-7653e491d19b5ca998368351051da522.oggvorbisstr[39m[0m
[  11% ] [90m[1msavepack[22m | Storing File: res://assets/sounds/upgrade.ogg.import[39m[0m
[  11% ] [90m[1msavepack[22m | Storing File: res://.godot/imported/wave_start.ogg-ed52c42caf50058a9b1779383b076d42.oggvorbisstr[39m[0m
[  11% ] [90m[1msavepack[22m | Storing File: res://assets/sounds/wave_start.ogg.import[39m[0m
[  12% ] [90m[1msavepack[22m | Storing File: res://.godot/imported/boot_splash.png-8cc0f5993e724eafcc39b1854e1af559.ctex[39m[0m
[  12% ] [90m[1msavepack[22m | Storing File: res://assets/splash/boot_splash.png.import[39m[0m
[  13% ] [90m[1msavepack[22m | Storing File: res://.godot/imported/boss_frame_0.png-607785afc300ad41fdb38ba637c66935.ctex[39m[0m
[  13% ] [90m[1msavepack[22m | Storing File: res://assets/sprites/generated/anim/frames/boss_frame_0.png.import[39m[0m
[  13% ] [90m[1msavepack[22m | Storing File: res://.godot/imported/boss_frame_1.png-6c4453998b68cbd66d820d6e983270c7.ctex[39m[0m
[  13% ] [90m[1msavepack[22m | Storing File: res://assets/sprites/generated/anim/frames/boss_frame_1.png.import[39m[0m
[  14% ] [90m[1msavepack[22m | Storing File: res://.godot/imported/boss_frame_2.png-c78e848fb722d175a27b61b2e81dcc94.ctex[39m[0m
[  14% ] [90m[1msavepack[22m | Storing File: res://assets/sprites/generated/anim/frames/boss_frame_2.png.import[39m[0m
[  15% ] [90m[1msavepack[22m | Storing File: res://.godot/imported/boss_frame_3.png-bca0c8ac89fc5ca775a6b6d93f9392f2.ctex[39m[0m
[  15% ] [90m[1msavepack[22m | Storing File: res://assets/sprites/generated/anim/frames/boss_frame_3.png.import[39m[0m
[  15% ] [90m[1msavepack[22m | Storing File: res://.godot/imported/drone_frame_0.png-acffa9982e537d0b53079207b05a6572.ctex[39m[0m
[  15% ] [90m[1msavepack[22m | Storing File: res://assets/sprites/generated/anim/frames/drone_frame_0.png.import[39m[0m
[  16% ] [90m[1msavepack[22m | Storing File: res://.godot/imported/drone_frame_1.png-9e626fc8fa84bf9c55ffe34c3c863be9.ctex[39m[0m
[  16% ] [90m[1msavepack[22m | Storing File: res://assets/sprites/generated/anim/frames/drone_frame_1.png.import[39m[0m
[  17% ] [90m[1msavepack[22m | Storing File: res://.godot/imported/grunt_frame_0.png-f4b7e8ba80eda2bd3e9540573ddc4fb7.ctex[39m[0m
[  17% ] [90m[1msavepack[22m | Storing File: res://assets/sprites/generated/anim/frames/grunt_frame_0.png.import[39m[0m
[  17% ] [90m[1msavepack[22m | Storing File: res://.godot/imported/grunt_frame_1.png-fba1876989b65cbc8ae936cf96f70f3b.ctex[39m[0m
[  17% ] [90m[1msavepack[22m | Storing File: res://assets/sprites/generated/anim/frames/grunt_frame_1.png.import[39m[0m
[  18% ] [90m[1msavepack[22m | Storing File: res://.godot/imported/player_frame_0.png-c8cb3e19f6d09f7f6052d06b96baef82.ctex[39m[0m
[  18% ] [90m[1msavepack[22m | Storing File: res://assets/sprites/generated/anim/frames/player_frame_0.png.import[39m[0m
[  18% ] [90m[1msavepack[22m | Storing File: res://.godot/imported/player_frame_1.png-175fbc45b1c5fac140331b016d1aa974.ctex[39m[0m
[  18% ] [90m[1msavepack[22m | Storing File: res://assets/sprites/generated/anim/frames/player_frame_1.png.import[39m[0m
[  19% ] [90m[1msavepack[22m | Storing File: res://.godot/imported/player_frame_2.png-a243303dbcefb92faf80e05a3d698711.ctex[39m[0m
[  19% ] [90m[1msavepack[22m | Storing File: res://assets/sprites/generated/anim/frames/player_frame_2.png.import[39m[0m
[  20% ] [90m[1msavepack[22m | Storing File: res://.godot/imported/runner_frame_0.png-451e58cb92b6869b412933e948ec1405.ctex[39m[0m
[  20% ] [90m[1msavepack[22m | Storing File: res://assets/sprites/generated/anim/frames/runner_frame_0.png.import[39m[0m
[  20% ] [90m[1msavepack[22m | Storing File: res://.godot/imported/runner_frame_1.png-5789d4125cfb56ebbb8dbb9dc581a4f8.ctex[39m[0m
[  20% ] [90m[1msavepack[22m | Storing File: res://assets/sprites/generated/anim/frames/runner_frame_1.png.import[39m[0m
[  21% ] [90m[1msavepack[22m | Storing File: res://.godot/imported/tank_frame_0.png-6b6afdf99070bcb521917c4096e30148.ctex[39m[0m
[  21% ] [90m[1msavepack[22m | Storing File: res://assets/sprites/generated/anim/frames/tank_frame_0.png.import[39m[0m
[  22% ] [90m[1msavepack[22m | Storing File: res://.godot/imported/tank_frame_1.png-6b02779611907ee294456f2aeab007ff.ctex[39m[0m
[  22% ] [90m[1msavepack[22m | Storing File: res://assets/sprites/generated/anim/frames/tank_frame_1.png.import[39m[0m
[  22% ] [90m[1msavepack[22m | Storing File: res://.godot/imported/boss_sheet.png-3f35497ae24db3be8a7b829d6e9f3d58.ctex[39m[0m
[  22% ] [90m[1msavepack[22m | Storing File: res://assets/sprites/generated/anim/boss_sheet.png.import[39m[0m
[  23% ] [90m[1msavepack[22m | Storing File: res://.godot/imported/drone_sheet.png-3d25885c393e0a051365a548bb1640df.ctex[39m[0m
[  23% ] [90m[1msavepack[22m | Storing File: res://assets/sprites/generated/anim/drone_sheet.png.import[39m[0m
[  24% ] [90m[1msavepack[22m | Storing File: res://.godot/imported/grunt_sheet.png-7f3a60f903585171ef4f1a00e8296bcd.ctex[39m[0m
[  24% ] [90m[1msavepack[22m | Storing File: res://assets/sprites/generated/anim/grunt_sheet.png.import[39m[0m
[  24% ] [90m[1msavepack[22m | Storing File: res://.godot/imported/player_sheet.png-2c4400550f438064e6a3aac884f5c3a0.ctex[39m[0m
[  24% ] [90m[1msavepack[22m | Storing File: res://assets/sprites/generated/anim/player_sheet.png.import[39m[0m
[  25% ] [90m[1msavepack[22m | Storing File: res://.godot/imported/runner_sheet.png-fd392010d8ba84b71783dcf95efa96e9.ctex[39m[0m
[  25% ] [90m[1msavepack[22m | Storing File: res://assets/sprites/generated/anim/runner_sheet.png.import[39m[0m
[  26% ] [90m[1msavepack[22m | Storing File: res://.godot/imported/tank_sheet.png-748551f1a4b847d2427bed3f14f2e85d.ctex[39m[0m
[  26% ] [90m[1msavepack[22m | Storing File: res://assets/sprites/generated/anim/tank_sheet.png.import[39m[0m
[  26% ] [90m[1msavepack[22m | Storing File: res://.godot/imported/frame_0.png-78e0ded912ec6767c1e58831405e1ffe.ctex[39m[0m
[  26% ] [90m[1msavepack[22m | Storing File: res://assets/sprites/generated/poc/frames/frame_0.png.import[39m[0m
[  27% ] [90m[1msavepack[22m | Storing File: res://.godot/imported/frame_1.png-d8d056564e6a0f3d8e028b5d79136f8f.ctex[39m[0m
[  27% ] [90m[1msavepack[22m | Storing File: res://assets/sprites/generated/poc/frames/frame_1.png.import[39m[0m
[  27% ] [90m[1msavepack[22m | Storing File: res://.godot/imported/frame_2.png-f1856a820560648d760f6a4370bbea4b.ctex[39m[0m
[  27% ] [90m[1msavepack[22m | Storing File: res://assets/sprites/generated/poc/frames/frame_2.png.import[39m[0m
[  28% ] [90m[1msavepack[22m | Storing File: res://.godot/imported/frame_3.png-ee36d2f53e0fe0c9b986a40404b935a9.ctex[39m[0m
[  28% ] [90m[1msavepack[22m | Storing File: res://assets/sprites/generated/poc/frames/frame_3.png.import[39m[0m
[  29% ] [90m[1msavepack[22m | Storing File: res://.godot/imported/boss_pulse_sheet.png-538147049b7a32042f01c3c22909fb1f.ctex[39m[0m
[  29% ] [90m[1msavepack[22m | Storing File: res://assets/sprites/generated/poc/boss_pulse_sheet.png.import[39m[0m
[  29% ] [90m[1msavepack[22m | Storing File: res://.godot/imported/boss.png-d2a644dde9e28be3dcd6886161dea264.ctex[39m[0m
[  29% ] [90m[1msavepack[22m | Storing File: res://assets/sprites/boss.png.import[39m[0m
[  30% ] [90m[1msavepack[22m | Storing File: res://.godot/imported/bullet.png-f46585c7ec2413c07a04c5a8ef7289a3.ctex[39m[0m
[  30% ] [90m[1msavepack[22m | Storing File: res://assets/sprites/bullet.png.import[39m[0m
[  31% ] [90m[1msavepack[22m | Storing File: res://.godot/imported/drone.png-7a615d8100dc372aa16a97b2e6785220.ctex[39m[0m
[  31% ] [90m[1msavepack[22m | Storing File: res://assets/sprites/drone.png.import[39m[0m
[  31% ] [90m[1msavepack[22m | Storing File: res://.godot/imported/grunt.png-3f78d59675683b2c004c9fdcfc304212.ctex[39m[0m
[  31% ] [90m[1msavepack[22m | Storing File: res://assets/sprites/grunt.png.import[39m[0m
[  32% ] [90m[1msavepack[22m | Storing File: res://.godot/imported/player.png-e1eaffe0873063c60a0d0b322e4d87d9.ctex[39m[0m
[  32% ] [90m[1msavepack[22m | Storing File: res://assets/sprites/player.png.import[39m[0m
[  33% ] [90m[1msavepack[22m | Storing File: res://.godot/imported/runner.png-c895bc34a9af9840dbaef7f818cd7d86.ctex[39m[0m
[  33% ] [90m[1msavepack[22m | Storing File: res://assets/sprites/runner.png.import[39m[0m
[  33% ] [90m[1msavepack[22m | Storing File: res://.godot/imported/tank.png-15cc957887862deb349c27c8977816db.ctex[39m[0m
[  33% ] [90m[1msavepack[22m | Storing File: res://assets/sprites/tank.png.import[39m[0m
[  33% ] [90m[1msavepack[22m | Storing File: res://.godot/imported/upgrade.png-6a1edffa5a5e9f996dcd957035847c85.ctex[39m[0m
[  33% ] [90m[1msavepack[22m | Storing File: res://assets/sprites/upgrade.png.import[39m[0m
[  33% ] [90m[1msavepack[22m | Storing File: res://.godot/imported/index.apple-touch-icon.png-21031f526f7942c8019a62913b80e091.ctex[39m[0m
[  33% ] [90m[1msavepack[22m | Storing File: res://build/web/index.apple-touch-icon.png.import[39m[0m
[  34% ] [90m[1msavepack[22m | Storing File: res://.godot/imported/index.icon.png-a9d2f4f7433eeddc29dad75f5e7f8710.ctex[39m[0m
[  34% ] [90m[1msavepack[22m | Storing File: res://build/web/index.icon.png.import[39m[0m
[  35% ] [90m[1msavepack[22m | Storing File: res://.godot/imported/index.png-7e97af7272d6fa0065ffc53e96463470.ctex[39m[0m
[  35% ] [90m[1msavepack[22m | Storing File: res://build/web/index.png.import[39m[0m
[  35% ] [90m[1msavepack[22m | Storing File: res://.godot/imported/drone_ingame.png-e2a2f5b1e6f301ff686f0fd52a6ff01e.ctex[39m[0m
[  35% ] [90m[1msavepack[22m | Storing File: res://docs/assets/screenshots/drone_ingame.png.import[39m[0m
[  36% ] [90m[1msavepack[22m | Storing File: res://.godot/imported/ingame_sprites.png-3e86c9570807e850e5deb54b7e2afb63.ctex[39m[0m
[  36% ] [90m[1msavepack[22m | Storing File: res://docs/assets/screenshots/ingame_sprites.png.import[39m[0m
[  37% ] [90m[1msavepack[22m | Storing File: res://.godot/imported/jump_phase1.png-2d90954946e7e329430536aedc1729a6.ctex[39m[0m
[  37% ] [90m[1msavepack[22m | Storing File: res://docs/assets/screenshots/jump_phase1.png.import[39m[0m
[  37% ] [90m[1msavepack[22m | Storing File: res://.godot/imported/kernwerk_splash_preview.png-8c9c130fd14959b5a17b2e1b6348aa3c.ctex[39m[0m
[  37% ] [90m[1msavepack[22m | Storing File: res://docs/assets/screenshots/kernwerk_splash_preview.png.import[39m[0m
[  38% ] [90m[1msavepack[22m | Storing File: res://.godot/imported/phase9_anim.png-dd5c80399290da66a31e8dc161fb904b.ctex[39m[0m
[  38% ] [90m[1msavepack[22m | Storing File: res://docs/assets/screenshots/phase9_anim.png.import[39m[0m
[  39% ] [90m[1msavepack[22m | Storing File: res://.godot/imported/reactor_integrated_34.png-fdfb80fe5efc40bdbbd3a445b67a111f.ctex[39m[0m
[  39% ] [90m[1msavepack[22m | Storing File: res://docs/assets/screenshots/reactor_integrated_34.png.import[39m[0m
[  39% ] [90m[1msavepack[22m | Storing File: res://.godot/imported/reactor_integrated_79.png-7f94d99e86305e114de7e11ed9758d84.ctex[39m[0m
[  39% ] [90m[1msavepack[22m | Storing File: res://docs/assets/screenshots/reactor_integrated_79.png.import[39m[0m
[  40% ] [90m[1msavepack[22m | Storing File: res://.godot/imported/reactor_jump_contact_preview.png-f554704e98c88000c3454357e11aa2c1.ctex[39m[0m
[  40% ] [90m[1msavepack[22m | Storing File: res://docs/assets/screenshots/reactor_jump_contact_preview.png.import[39m[0m
[  41% ] [90m[1msavepack[22m | Storing File: res://.godot/imported/reactor_land_contact_preview.png-8d16d5367987098fc42b42c4efee672a.ctex[39m[0m
[  41% ] [90m[1msavepack[22m | Storing File: res://docs/assets/screenshots/reactor_land_contact_preview.png.import[39m[0m
[  41% ] [90m[1msavepack[22m | Storing File: res://.godot/imported/reactor_live_390.png-1f3423b66f2f777a6d16413b4fa7c795.ctex[39m[0m
[  41% ] [90m[1msavepack[22m | Storing File: res://docs/assets/screenshots/reactor_live_390.png.import[39m[0m
[  42% ] [90m[1msavepack[22m | Storing File: res://docs/assets/screenshots/reactor_live_browser_verification.json[39m[0m
[  42% ] [90m[1msavepack[22m | Storing File: res://docs/assets/screenshots/reactor_web_browser_verification.json[39m[0m
[  43% ] [90m[1msavepack[22m | Storing File: res://.godot/imported/reactor_web_export_390.png-65b24df167ca92ae244ddde4792acc66.ctex[39m[0m
[  43% ] [90m[1msavepack[22m | Storing File: res://docs/assets/screenshots/reactor_web_export_390.png.import[39m[0m
[  44% ] [90m[1msavepack[22m | Storing File: res://.godot/imported/sprite_final7.png-4cc0ef39dcc7c4196f78f11330108fe1.ctex[39m[0m
[  44% ] [90m[1msavepack[22m | Storing File: res://docs/assets/screenshots/sprite_final7.png.import[39m[0m
[  44% ] [90m[1msavepack[22m | Storing File: res://.godot/imported/sprite_preview_selection.png-20434e71a086faa476b9996a7efd730c.ctex[39m[0m
[  44% ] [90m[1msavepack[22m | Storing File: res://docs/assets/screenshots/sprite_preview_selection.png.import[39m[0m
[  45% ] [90m[1msavepack[22m | Storing File: res://.godot/imported/start_button_preview.png-ff70e8f6f5bf016393213eea9d309a63.ctex[39m[0m
[  45% ] [90m[1msavepack[22m | Storing File: res://docs/assets/screenshots/start_button_preview.png.import[39m[0m
[  46% ] [90m[1msavepack[22m | Storing File: res://.godot/imported/start_menu.png-d87298f286d9d0da71c5374f883fb1e0.ctex[39m[0m
[  46% ] [90m[1msavepack[22m | Storing File: res://docs/assets/screenshots/start_menu.png.import[39m[0m
[  46% ] [90m[1msavepack[22m | Storing File: res://.godot/imported/start_menu_bg_preview.png-b76a94ce044d8f52c5e54c6e3130e51a.ctex[39m[0m
[  46% ] [90m[1msavepack[22m | Storing File: res://docs/assets/screenshots/start_menu_bg_preview.png.import[39m[0m
[  47% ] [90m[1msavepack[22m | Storing File: res://.godot/imported/start_menu_v2_idle.png-44646cec91bff99cbc7cbcbeb8f133a8.ctex[39m[0m
[  47% ] [90m[1msavepack[22m | Storing File: res://docs/assets/screenshots/start_menu_v2_idle.png.import[39m[0m
[  48% ] [90m[1msavepack[22m | Storing File: res://.godot/imported/start_menu_v2_playing.png-c32843b4006289aabf8897e54dbee6c1.ctex[39m[0m
[  48% ] [90m[1msavepack[22m | Storing File: res://docs/assets/screenshots/start_menu_v2_playing.png.import[39m[0m
[  48% ] [90m[1msavepack[22m | Storing File: res://.godot/imported/start_menu_v2_transition.png-9abf04a5d36df12a55234c7fc722e890.ctex[39m[0m
[  48% ] [90m[1msavepack[22m | Storing File: res://docs/assets/screenshots/start_menu_v2_transition.png.import[39m[0m
[  49% ] [90m[1msavepack[22m | Storing File: res://qa/cam_api_probe.gdc[39m[0m
[  50% ] [90m[1msavepack[22m | Storing File: res://qa/core_polish_screenshot.gdc[39m[0m
[  50% ] [90m[1msavepack[22m | Storing File: res://qa/core_polish_sequence.gdc[39m[0m
[  51% ] [90m[1msavepack[22m | Storing File: res://qa/drone_screenshot.gdc[39m[0m
[  51% ] [90m[1msavepack[22m | Storing File: res://qa/jump_screenshot.gdc[39m[0m
[  52% ] [90m[1msavepack[22m | Storing File: res://qa/phase9_anim_screenshot.gdc[39m[0m
[  53% ] [90m[1msavepack[22m | Storing File: res://qa/sprite_screenshot_test.gdc[39m[0m
[  53% ] [90m[1msavepack[22m | Storing File: res://qa/standby_polish_capture.gdc[39m[0m
[  54% ] [90m[1msavepack[22m | Storing File: res://qa/start_contract_render.gdc[39m[0m
[  55% ] [90m[1msavepack[22m | Storing File: res://qa/start_menu_responsive_screenshot.gdc[39m[0m
[  55% ] [90m[1msavepack[22m | Storing File: res://qa/start_menu_screenshot.gdc[39m[0m
[  56% ] [90m[1msavepack[22m | Storing File: res://qa/start_transition_screenshot.gdc[39m[0m
[  57% ] [90m[1msavepack[22m | Storing File: res://.godot/exported/133200997/export-69e963a49695dd4030e5c61a12b8ddfe-game.scn[39m[0m
[  57% ] [90m[1msavepack[22m | Storing File: res://.godot/exported/133200997/export-02395933a3f433d7c115ba1c50554057-bullet.scn[39m[0m
[  58% ] [90m[1msavepack[22m | Storing File: res://scripts/audio/sfx.gdc[39m[0m
[  58% ] [90m[1msavepack[22m | Storing File: res://scripts/boss/boss.gdc[39m[0m
[  59% ] [90m[1msavepack[22m | Storing File: res://scripts/boss/boss_data.gdc[39m[0m
[  60% ] [90m[1msavepack[22m | Storing File: res://scripts/effects/particle_burst.gdc[39m[0m
[  60% ] [90m[1msavepack[22m | Storing File: res://scripts/enemies/enemy.gdc[39m[0m
[  61% ] [90m[1msavepack[22m | Storing File: res://scripts/enemies/enemy_archetype_data.gdc[39m[0m
[  62% ] [90m[1msavepack[22m | Storing File: res://scripts/game/game.gdc[39m[0m
[  62% ] [90m[1msavepack[22m | Storing File: res://scripts/game/hit_detection.gdc[39m[0m
[  63% ] [90m[1msavepack[22m | Storing File: res://scripts/game/lane_markers.gdc[39m[0m
[  64% ] [90m[1msavepack[22m | Storing File: res://scripts/game/screen_shake.gdc[39m[0m
[  64% ] [90m[1msavepack[22m | Storing File: res://scripts/jump/jumper.gdc[39m[0m
[  65% ] [90m[1msavepack[22m | Storing File: res://scripts/jump/jump_config.gdc[39m[0m
[  66% ] [90m[1msavepack[22m | Storing File: res://scripts/jump/platform.gdc[39m[0m
[  66% ] [90m[1msavepack[22m | Storing File: res://scripts/jump/platform_director.gdc[39m[0m
[  66% ] [90m[1msavepack[22m | Storing File: res://scripts/jump/vertical_camera.gdc[39m[0m
[  66% ] [90m[1msavepack[22m | Storing File: res://scripts/managers/game_manager.gdc[39m[0m
[  67% ] [90m[1msavepack[22m | Storing File: res://scripts/managers/spawn_manager.gdc[39m[0m
[  68% ] [90m[1msavepack[22m | Storing File: res://scripts/managers/spawn_pattern_data.gdc[39m[0m
[  68% ] [90m[1msavepack[22m | Storing File: res://scripts/managers/wave_data.gdc[39m[0m
[  69% ] [90m[1msavepack[22m | Storing File: res://scripts/managers/wave_manager.gdc[39m[0m
[  70% ] [90m[1msavepack[22m | Storing File: res://scripts/objects/lane_object.gdc[39m[0m
[  70% ] [90m[1msavepack[22m | Storing File: res://scripts/objects/upgrade_object.gdc[39m[0m
[  71% ] [90m[1msavepack[22m | Storing File: res://scripts/player/player.gdc[39m[0m
[  72% ] [90m[1msavepack[22m | Storing File: res://scripts/player/player_health.gdc[39m[0m
[  72% ] [90m[1msavepack[22m | Storing File: res://scripts/player/player_stats.gdc[39m[0m
[  73% ] [90m[1msavepack[22m | Storing File: res://scripts/player/touch_input.gdc[39m[0m
[  74% ] [90m[1msavepack[22m | Storing File: res://scripts/player/weapon_controller.gdc[39m[0m
[  74% ] [90m[1msavepack[22m | Storing File: res://scripts/projectiles/bullet.gdc[39m[0m
[  75% ] [90m[1msavepack[22m | Storing File: res://scripts/ui/game_over_ui.gdc[39m[0m
[  75% ] [90m[1msavepack[22m | Storing File: res://scripts/ui/hud.gdc[39m[0m
[  76% ] [90m[1msavepack[22m | Storing File: res://scripts/ui/level_complete_ui.gdc[39m[0m
[  77% ] [90m[1msavepack[22m | Storing File: res://scripts/ui/pause_ui.gdc[39m[0m
[  77% ] [90m[1msavepack[22m | Storing File: res://scripts/ui/score_feedback.gdc[39m[0m
[  78% ] [90m[1msavepack[22m | Storing File: res://scripts/ui/spawn_telegraph.gdc[39m[0m
[  79% ] [90m[1msavepack[22m | Storing File: res://scripts/ui/start_menu.gdc[39m[0m
[  79% ] [90m[1msavepack[22m | Storing File: res://scripts/ui/ui_layout.gdc[39m[0m
[  80% ] [90m[1msavepack[22m | Storing File: res://scripts/ui/upgrade_feedback.gdc[39m[0m
[  81% ] [90m[1msavepack[22m | Storing File: res://scripts/game_config.gdc[39m[0m
[  81% ] [90m[1msavepack[22m | Storing File: res://tests/legacy_auto_shooter/boss_test.gdc[39m[0m
[  82% ] [90m[1msavepack[22m | Storing File: res://tests/legacy_auto_shooter/drone_test.gdc[39m[0m
[  82% ] [90m[1msavepack[22m | Storing File: res://tests/legacy_auto_shooter/foundation_test.gdc[39m[0m
[  83% ] [90m[1msavepack[22m | Storing File: res://tests/legacy_auto_shooter/layout_test.gdc[39m[0m
[  84% ] [90m[1msavepack[22m | Storing File: res://tests/legacy_auto_shooter/particle_test.gdc[39m[0m
[  84% ] [90m[1msavepack[22m | Storing File: res://tests/legacy_auto_shooter/pattern_test.gdc[39m[0m
[  85% ] [90m[1msavepack[22m | Storing File: res://tests/legacy_auto_shooter/phase1_test.gdc[39m[0m
[  86% ] [90m[1msavepack[22m | Storing File: res://tests/legacy_auto_shooter/phase2_bugfix_test.gdc[39m[0m
[  86% ] [90m[1msavepack[22m | Storing File: res://tests/legacy_auto_shooter/phase2_flight_test.gdc[39m[0m
[  87% ] [90m[1msavepack[22m | Storing File: res://tests/legacy_auto_shooter/phase2_test.gdc[39m[0m
[  88% ] [90m[1msavepack[22m | Storing File: res://tests/legacy_auto_shooter/phase3_test.gdc[39m[0m
[  88% ] [90m[1msavepack[22m | Storing File: res://tests/legacy_auto_shooter/phase4_test.gdc[39m[0m
[  89% ] [90m[1msavepack[22m | Storing File: res://tests/legacy_auto_shooter/phase5_test.gdc[39m[0m
[  90% ] [90m[1msavepack[22m | Storing File: res://tests/legacy_auto_shooter/phase6_test.gdc[39m[0m
[  90% ] [90m[1msavepack[22m | Storing File: res://tests/legacy_auto_shooter/phase9_anim_test.gdc[39m[0m
[  91% ] [90m[1msavepack[22m | Storing File: res://tests/legacy_auto_shooter/score_feedback_test.gdc[39m[0m
[  91% ] [90m[1msavepack[22m | Storing File: res://tests/legacy_auto_shooter/screen_shake_test.gdc[39m[0m
[  92% ] [90m[1msavepack[22m | Storing File: res://tests/legacy_auto_shooter/sfx_test.gdc[39m[0m
[  93% ] [90m[1msavepack[22m | Storing File: res://tests/legacy_auto_shooter/stabilization_test.gdc[39m[0m
[  93% ] [90m[1msavepack[22m | Storing File: res://tests/core_polish_test.gdc[39m[0m
[  94% ] [90m[1msavepack[22m | Storing File: res://tests/gameplay_loop_test.gdc[39m[0m
[  95% ] [90m[1msavepack[22m | Storing File: res://tests/jump_physics_test.gdc[39m[0m
[  95% ] [90m[1msavepack[22m | Storing File: res://tests/platform_director_test.gdc[39m[0m
[  96% ] [90m[1msavepack[22m | Storing File: res://tests/reactor_bounce_anim_test.gdc[39m[0m
[  97% ] [90m[1msavepack[22m | Storing File: res://tests/reactor_visual_test.gdc[39m[0m
[  97% ] [90m[1msavepack[22m | Storing File: res://tests/standby_polish_test.gdc[39m[0m
[  98% ] [90m[1msavepack[22m | Storing File: res://tests/start_transition_test.gdc[39m[0m
[  98% ] [90m[1msavepack[22m | Storing File: res://assets/jump/reactor_core/reactor_idle_frames.tres.remap[39m[0m
[  98% ] [90m[1msavepack[22m | Storing File: res://assets/jump/reactor_core/reactor_jump_frames.tres.remap[39m[0m
[  98% ] [90m[1msavepack[22m | Storing File: res://assets/jump/reactor_core/reactor_land_frames.tres.remap[39m[0m
[  98% ] [90m[1msavepack[22m | Storing File: res://qa/cam_api_probe.gd.remap[39m[0m
[  98% ] [90m[1msavepack[22m | Storing File: res://qa/core_polish_screenshot.gd.remap[39m[0m
[  98% ] [90m[1msavepack[22m | Storing File: res://qa/core_polish_sequence.gd.remap[39m[0m
[  98% ] [90m[1msavepack[22m | Storing File: res://qa/drone_screenshot.gd.remap[39m[0m
[  98% ] [90m[1msavepack[22m | Storing File: res://qa/jump_screenshot.gd.remap[39m[0m
[  98% ] [90m[1msavepack[22m | Storing File: res://qa/phase9_anim_screenshot.gd.remap[39m[0m
[  98% ] [90m[1msavepack[22m | Storing File: res://qa/sprite_screenshot_test.gd.remap[39m[0m
[  98% ] [90m[1msavepack[22m | Storing File: res://qa/standby_polish_capture.gd.remap[39m[0m
[  98% ] [90m[1msavepack[22m | Storing File: res://qa/start_contract_render.gd.remap[39m[0m
[  98% ] [90m[1msavepack[22m | Storing File: res://qa/start_menu_responsive_screenshot.gd.remap[39m[0m
[  98% ] [90m[1msavepack[22m | Storing File: res://qa/start_menu_screenshot.gd.remap[39m[0m
[  98% ] [90m[1msavepack[22m | Storing File: res://qa/start_transition_screenshot.gd.remap[39m[0m
[  98% ] [90m[1msavepack[22m | Storing File: res://scenes/game/game.tscn.remap[39m[0m
[  98% ] [90m[1msavepack[22m | Storing File: res://scenes/projectiles/bullet.tscn.remap[39m[0m
[  98% ] [90m[1msavepack[22m | Storing File: res://scripts/audio/sfx.gd.remap[39m[0m
[  98% ] [90m[1msavepack[22m | Storing File: res://scripts/boss/boss.gd.remap[39m[0m
[  98% ] [90m[1msavepack[22m | Storing File: res://scripts/boss/boss_data.gd.remap[39m[0m
[  98% ] [90m[1msavepack[22m | Storing File: res://scripts/effects/particle_burst.gd.remap[39m[0m
[  98% ] [90m[1msavepack[22m | Storing File: res://scripts/enemies/enemy.gd.remap[39m[0m
[  98% ] [90m[1msavepack[22m | Storing File: res://scripts/enemies/enemy_archetype_data.gd.remap[39m[0m
[  98% ] [90m[1msavepack[22m | Storing File: res://scripts/game/game.gd.remap[39m[0m
[  98% ] [90m[1msavepack[22m | Storing File: res://scripts/game/hit_detection.gd.remap[39m[0m
[  98% ] [90m[1msavepack[22m | Storing File: res://scripts/game/lane_markers.gd.remap[39m[0m
[  98% ] [90m[1msavepack[22m | Storing File: res://scripts/game/screen_shake.gd.remap[39m[0m
[  98% ] [90m[1msavepack[22m | Storing File: res://scripts/jump/jumper.gd.remap[39m[0m
[  98% ] [90m[1msavepack[22m | Storing File: res://scripts/jump/jump_config.gd.remap[39m[0m
[  98% ] [90m[1msavepack[22m | Storing File: res://scripts/jump/platform.gd.remap[39m[0m
[  98% ] [90m[1msavepack[22m | Storing File: res://scripts/jump/platform_director.gd.remap[39m[0m
[  98% ] [90m[1msavepack[22m | Storing File: res://scripts/jump/vertical_camera.gd.remap[39m[0m
[  98% ] [90m[1msavepack[22m | Storing File: res://scripts/managers/game_manager.gd.remap[39m[0m
[  98% ] [90m[1msavepack[22m | Storing File: res://scripts/managers/spawn_manager.gd.remap[39m[0m
[  98% ] [90m[1msavepack[22m | Storing File: res://scripts/managers/spawn_pattern_data.gd.remap[39m[0m
[  98% ] [90m[1msavepack[22m | Storing File: res://scripts/managers/wave_data.gd.remap[39m[0m
[  98% ] [90m[1msavepack[22m | Storing File: res://scripts/managers/wave_manager.gd.remap[39m[0m
[  98% ] [90m[1msavepack[22m | Storing File: res://scripts/objects/lane_object.gd.remap[39m[0m
[  98% ] [90m[1msavepack[22m | Storing File: res://scripts/objects/upgrade_object.gd.remap[39m[0m
[  98% ] [90m[1msavepack[22m | Storing File: res://scripts/player/player.gd.remap[39m[0m
[  98% ] [90m[1msavepack[22m | Storing File: res://scripts/player/player_health.gd.remap[39m[0m
[  98% ] [90m[1msavepack[22m | Storing File: res://scripts/player/player_stats.gd.remap[39m[0m
[  98% ] [90m[1msavepack[22m | Storing File: res://scripts/player/touch_input.gd.remap[39m[0m
[  98% ] [90m[1msavepack[22m | Storing File: res://scripts/player/weapon_controller.gd.remap[39m[0m
[  98% ] [90m[1msavepack[22m | Storing File: res://scripts/projectiles/bullet.gd.remap[39m[0m
[  98% ] [90m[1msavepack[22m | Storing File: res://scripts/ui/game_over_ui.gd.remap[39m[0m
[  98% ] [90m[1msavepack[22m | Storing File: res://scripts/ui/hud.gd.remap[39m[0m
[  98% ] [90m[1msavepack[22m | Storing File: res://scripts/ui/level_complete_ui.gd.remap[39m[0m
[  98% ] [90m[1msavepack[22m | Storing File: res://scripts/ui/pause_ui.gd.remap[39m[0m
[  98% ] [90m[1msavepack[22m | Storing File: res://scripts/ui/score_feedback.gd.remap[39m[0m
[  98% ] [90m[1msavepack[22m | Storing File: res://scripts/ui/spawn_telegraph.gd.remap[39m[0m
[  98% ] [90m[1msavepack[22m | Storing File: res://scripts/ui/start_menu.gd.remap[39m[0m
[  98% ] [90m[1msavepack[22m | Storing File: res://scripts/ui/ui_layout.gd.remap[39m[0m
[  98% ] [90m[1msavepack[22m | Storing File: res://scripts/ui/upgrade_feedback.gd.remap[39m[0m
[  98% ] [90m[1msavepack[22m | Storing File: res://scripts/game_config.gd.remap[39m[0m
[  98% ] [90m[1msavepack[22m | Storing File: res://tests/legacy_auto_shooter/boss_test.gd.remap[39m[0m
[  98% ] [90m[1msavepack[22m | Storing File: res://tests/legacy_auto_shooter/drone_test.gd.remap[39m[0m
[  98% ] [90m[1msavepack[22m | Storing File: res://tests/legacy_auto_shooter/foundation_test.gd.remap[39m[0m
[  98% ] [90m[1msavepack[22m | Storing File: res://tests/legacy_auto_shooter/layout_test.gd.remap[39m[0m
[  98% ] [90m[1msavepack[22m | Storing File: res://tests/legacy_auto_shooter/particle_test.gd.remap[39m[0m
[  98% ] [90m[1msavepack[22m | Storing File: res://tests/legacy_auto_shooter/pattern_test.gd.remap[39m[0m
[  98% ] [90m[1msavepack[22m | Storing File: res://tests/legacy_auto_shooter/phase1_test.gd.remap[39m[0m
[  98% ] [90m[1msavepack[22m | Storing File: res://tests/legacy_auto_shooter/phase2_bugfix_test.gd.remap[39m[0m
[  98% ] [90m[1msavepack[22m | Storing File: res://tests/legacy_auto_shooter/phase2_flight_test.gd.remap[39m[0m
[  98% ] [90m[1msavepack[22m | Storing File: res://tests/legacy_auto_shooter/phase2_test.gd.remap[39m[0m
[  98% ] [90m[1msavepack[22m | Storing File: res://tests/legacy_auto_shooter/phase3_test.gd.remap[39m[0m
[  98% ] [90m[1msavepack[22m | Storing File: res://tests/legacy_auto_shooter/phase4_test.gd.remap[39m[0m
[  98% ] [90m[1msavepack[22m | Storing File: res://tests/legacy_auto_shooter/phase5_test.gd.remap[39m[0m
[  98% ] [90m[1msavepack[22m | Storing File: res://tests/legacy_auto_shooter/phase6_test.gd.remap[39m[0m
[  98% ] [90m[1msavepack[22m | Storing File: res://tests/legacy_auto_shooter/phase9_anim_test.gd.remap[39m[0m
[  98% ] [90m[1msavepack[22m | Storing File: res://tests/legacy_auto_shooter/score_feedback_test.gd.remap[39m[0m
[  98% ] [90m[1msavepack[22m | Storing File: res://tests/legacy_auto_shooter/screen_shake_test.gd.remap[39m[0m
[  98% ] [90m[1msavepack[22m | Storing File: res://tests/legacy_auto_shooter/sfx_test.gd.remap[39m[0m
[  98% ] [90m[1msavepack[22m | Storing File: res://tests/legacy_auto_shooter/stabilization_test.gd.remap[39m[0m
[  98% ] [90m[1msavepack[22m | Storing File: res://tests/core_polish_test.gd.remap[39m[0m
[  98% ] [90m[1msavepack[22m | Storing File: res://tests/gameplay_loop_test.gd.remap[39m[0m
[  98% ] [90m[1msavepack[22m | Storing File: res://tests/jump_physics_test.gd.remap[39m[0m
[  98% ] [90m[1msavepack[22m | Storing File: res://tests/platform_director_test.gd.remap[39m[0m
[  98% ] [90m[1msavepack[22m | Storing File: res://tests/reactor_bounce_anim_test.gd.remap[39m[0m
[  98% ] [90m[1msavepack[22m | Storing File: res://tests/reactor_visual_test.gd.remap[39m[0m
[  98% ] [90m[1msavepack[22m | Storing File: res://tests/standby_polish_test.gd.remap[39m[0m
[  98% ] [90m[1msavepack[22m | Storing File: res://tests/start_transition_test.gd.remap[39m[0m
[  98% ] [90m[1msavepack[22m | Storing File: res://.godot/global_script_class_cache.cfg[39m[0m
[  98% ] [90m[1msavepack[22m | Storing File: res://assets/splash/boot_splash.png[39m[0m
[  98% ] [90m[1msavepack[22m | Storing File: res://.godot/uid_cache.bin[39m[0m
[  98% ] [90m[1msavepack[22m | Storing File: res://project.binary[39m[0m
[92m[ DONE ][39m [1msavepack[22m
[0m

Export artifact: index.html (5441 bytes)
Export artifact: index.js (315759 bytes)
Export artifact: index.wasm (37700666 bytes)
Export artifact: index.pck (10112648 bytes)
PASS: import, 8 suites, main-scene smoke, Web export. Visual quality, iPhone acceptance and remote CI are NOT covered.
